(
    rows: ((
        sprite: 0,
    ), (
        sprite: 1,
    ), (
        sprite: 0,
    ), (
        sprite: 1,
    ), (
        sprite: 0,
    ), (
        sprite: 1,
    ), (
        sprite: 0,
    ), (
        sprite: 8,
    ), (
        sprite: 0,
    ), (
        sprite: 8,
    ), (
        sprite: 0,
    ), (
        sprite: 1,
    ), (
        sprite: 0,
    ), (
        sprite: 1,
    ), (
        sprite: 0,
    ), (
        sprite: 1,
    )),
    house: (
        tile_x: 2,
        tile_y: 11,
    ),
    bus_stop: (
        tile_x: 2,
        tile_y: 4,
    ),
    cars: [
        (
            tile_position: ((-2, 8)),
            speed: 30,
        ),
        (
            tile_position: ((4, 8)),
            speed: 30,
        ),
        (
            tile_position: ((10, 8)),
            speed: 30,
        ),
        (
            tile_position: ((16, 6)),
            speed: -30,
        ),
        (
            tile_position: ((10, 6)),
            speed: -30,
        ),
        (
            tile_position: ((4, 6)),
            speed: -30,
        ),
    ],
    walls: [(
        row: 6,
        columns: (true, true, false, false, true, true, true, true, 
                    true, true, true, true, true, true, true, true),
    ),(
        row: 8,
        columns: (true, true, true, true, true, true, true, true, 
                    true, true, true, true, false, false, true, true),
    ),(
        row: 10,
        columns: (true, true, false, false, true, true, true, true, 
                    true, true, true, true, true, true, true, true),
    )],
)