(
    rows: (
      ( sprite: 1, ), 
      ( sprite: 0, ), 
      ( sprite: 1, ), 
      ( sprite: 0, ), 
      ( sprite: 3, ), 
      ( sprite: 7, ), 
      ( sprite: 7, ), 
      ( sprite: 11,), 
      ( sprite: 0, ), 
      ( sprite: 3, ), 
      ( sprite: 7, ), 
      ( sprite: 7, ), 
      ( sprite: 11,), 
      ( sprite: 0, ), 
      ( sprite: 1, ), 
      ( sprite: 0, )
    ),
    house: (
        tile_x: 7,
        tile_y: 13,
    ),
    bus_stop: (
        tile_x: 7,
        tile_y: 1,
    ),
    cars: [
        (
            tile_position: ((-2, 11)),
            speed: 20,
        ),
        (
            tile_position: ((7, 11)),
            speed: 20,
        ),
        (
            tile_position: ((-2, 10)),
            speed: 30,
        ),
        (
            tile_position: ((4, 10)),
            speed: 30,
        ),
        (
            tile_position: ((10, 10)),
            speed: 30,
        ),
        (
            tile_position: ((-2, 9)),
            speed: 40,
        ),
        (
            tile_position: ((7, 9)),
            speed: 40,
        ),
        (
            tile_position: ((-2, 8)),
            speed: 60,
        ),
        (
            tile_position: ((0, 8)),
            speed: 60,
        ),
        (
            tile_position: ((2, 8)),
            speed: 60,
        ),
        (
            tile_position: ((4, 8)),
            speed: 60,
        ),
        (
            tile_position: ((6, 8)),
            speed: 60,
        ),
        (
            tile_position: ((8, 8)),
            speed: 60,
        ),
        (
            tile_position: ((6, 6)),
            speed: -60,
        ),(
            tile_position: ((8, 6)),
            speed: -60,
        ),(
            tile_position: ((10, 6)),
            speed: -60,
        ),
        (
            tile_position: ((12, 6)),
            speed: -60,
        ),
        (
            tile_position: ((14, 6)),
            speed: -60,
        ),
        (
            tile_position: ((16, 6)),
            speed: -60,
        ),
        (
            tile_position: ((16, 5)),
            speed: -40,
        ),
        (
            tile_position: ((7, 5)),
            speed: -40,
        ),
        (
            tile_position: ((-2, 4)),
            speed: -30,
        ),
        (
            tile_position: ((4, 4)),
            speed: -30,
        ),
        (
            tile_position: ((10, 4)),
            speed: -30,
        ),
        (
            tile_position: ((16, 3)),
            speed: -20,
        ),
        (
            tile_position: ((7, 3)),
            speed: -20,
        ),
    ],
    walls: [(
        row: 8,
        columns: (true, true, true, false, false, true, true, true, 
                  true, true, true, false, false, true, true, true),
    )],
)